C:\Users\os\Documents\MCUXpressoIDE_11.8.0_1165\2_13_RT1160\evkmimxrt1160_lwip_ping_freertos_cm7__test\CMSIS/mpu_armv7.h:204:22:ARM_MPU_Disable	0	static
C:\Users\os\Documents\MCUXpressoIDE_11.8.0_1165\2_13_RT1160\evkmimxrt1160_lwip_ping_freertos_cm7__test\drivers/fsl_clock.h:2205:24:CLOCK_GetRootClockFreq	16	static
../board/board.c:24:10:BOARD_DebugConsoleSrcFreq	8	static
../board/board.c:36:6:BOARD_InitDebugConsole	8	static
../board/board.c:262:6:BOARD_ConfigMPU	32	static
../board/board.c:662:6:BOARD_SD_Pin_Config	0	static
../board/board.c:666:6:BOARD_MMC_Pin_Config	0	static
