../lwip/port/enet_ethernetif_kinetis.c:503:23:enet_get_tx_buffer	0	static
../lwip/port/enet_ethernetif_kinetis.c:190:13:ethernet_callback	16	static
../lwip/port/enet_ethernetif_kinetis.c:351:13:ethernetif_rx_free	16	static
../lwip/port/enet_ethernetif_kinetis.c:553:13:ethernetif_rx_release	8	static
../lwip/port/enet_ethernetif_kinetis.c:323:14:ethernetif_rx_alloc	8	static
../lwip/port/enet_ethernetif_kinetis.c:563:21:ethernetif_rx_frame_to_pbufs	48	static
../lwip/port/enet_ethernetif_kinetis.c:512:14:enet_send_frame	40	static
../lwip/port/enet_ethernetif_kinetis.c:370:6:ethernetif_plat_init	112	static
../lwip/port/enet_ethernetif_kinetis.c:469:8:ethernetif_base_ptr	0	static
../lwip/port/enet_ethernetif_kinetis.c:474:15:ethernetif_get_phy	0	static
../lwip/port/enet_ethernetif_kinetis.c:480:6:ethernetif_on_link_up	16	static
../lwip/port/enet_ethernetif_kinetis.c:493:6:ethernetif_on_link_down	0	static
../lwip/port/enet_ethernetif_kinetis.c:621:14:ethernetif_linkinput	32	static
../lwip/port/enet_ethernetif_kinetis.c:665:7:ethernetif_linkoutput	16	static
../lwip/port/enet_ethernetif_kinetis.c:742:7:ethernetif0_init	16	static
../lwip/port/enet_ethernetif_kinetis.c:775:7:ethernetif1_init	16	static
