../component/serial_manager/fsl_component_serial_manager.c:398:32:SerialManager_StartWriting	8	static
../component/serial_manager/fsl_component_serial_manager.c:1185:32:SerialManager_Write	8	static
../component/serial_manager/fsl_component_serial_manager.c:453:32:SerialManager_StartReading	8	static
../component/serial_manager/fsl_component_serial_manager.c:1202:32:SerialManager_Read	8	static
../component/serial_manager/fsl_component_serial_manager.c:1220:25:SerialManager_Init	16	static
../component/serial_manager/fsl_component_serial_manager.c:1407:25:SerialManager_Deinit	8	static
../component/serial_manager/fsl_component_serial_manager.c:1485:25:SerialManager_OpenWriteHandle	16	static
../component/serial_manager/fsl_component_serial_manager.c:1522:25:SerialManager_CloseWriteHandle	8	static
../component/serial_manager/fsl_component_serial_manager.c:1553:25:SerialManager_OpenReadHandle	16	static
../component/serial_manager/fsl_component_serial_manager.c:1593:25:SerialManager_CloseReadHandle	8	static
../component/serial_manager/fsl_component_serial_manager.c:1622:25:SerialManager_WriteBlocking	8	static
../component/serial_manager/fsl_component_serial_manager.c:1631:25:SerialManager_ReadBlocking	8	static
../component/serial_manager/fsl_component_serial_manager.c:1872:25:SerialManager_EnterLowpower	8	static
../component/serial_manager/fsl_component_serial_manager.c:1919:25:SerialManager_ExitLowpower	8	static
../component/serial_manager/fsl_component_serial_manager.c:1973:6:SerialManager_SetLowpowerCriticalCb	0	static
