C:\Users\os\Documents\MCUXpressoIDE_11.8.0_1165\2_13_RT1160\evkmimxrt1160_lwip_ping_freertos_cm7__test\CMSIS/core_cm7.h:1911:22:__NVIC_EnableIRQ	0	static
../drivers/fsl_clock.h:2143:20:CLOCK_ControlGate	0	static
../drivers/fsl_enet.c:1270:17:ENET_MDIOWaitTransferOver	0	static
../drivers/fsl_enet.c:785:13:ENET_SetTxBufferDescriptors	24	static
../drivers/fsl_enet.c:1445:17:ENET_IncreaseIndex	8	static
../drivers/fsl_enet.c:1002:13:ENET_RxBufferFreeAll	32	static
../drivers/fsl_enet.c:1054:20:ENET_ActiveReadRing	8	static
../drivers/fsl_enet.c:1825:13:ENET_UpdateReadBuffers	16	static
../drivers/fsl_enet.c:1091:13:ENET_ActiveSendRing	8	static
../drivers/fsl_enet.c:3505:6:ENET_ReceiveIRQHandler	32	static
../drivers/fsl_enet.c:3552:6:ENET_ErrorIRQHandler	16	static
../drivers/fsl_enet.c:2350:24:ENET_GetRxFrameErr	24	static
../drivers/fsl_enet.c:851:13:ENET_SetRxBufferDescriptors	32	static
../drivers/fsl_enet.c:949:17:ENET_RxBufferAllocAll	32	static
../drivers/fsl_enet.c:174:10:ENET_GetInstance	8	static
../drivers/fsl_enet.c:206:6:ENET_GetDefaultConfig	8	static
../drivers/fsl_enet.c:354:6:ENET_Down	8	static
../drivers/fsl_enet.c:378:6:ENET_Deinit	8	static
../drivers/fsl_enet.c:396:6:ENET_SetCallback	8	static
../drivers/fsl_enet.c:406:6:ENET_SetRxISRHandler	8	static
../drivers/fsl_enet.c:414:6:ENET_SetTxISRHandler	8	static
../drivers/fsl_enet.c:439:6:ENET_SetErrISRHandler	8	static
../drivers/fsl_enet.c:465:13:ENET_SetHandler	24	static
../drivers/fsl_enet.c:1146:6:ENET_SetMII	16	static
../drivers/fsl_enet.c:1202:6:ENET_SetMacAddr	0	static
../drivers/fsl_enet.c:1222:6:ENET_GetMacAddr	8	static
../drivers/fsl_enet.c:1250:6:ENET_SetSMI	8	static
../drivers/fsl_enet.c:522:13:ENET_SetMacController	24	static
../drivers/fsl_enet.c:257:10:ENET_Up	40	static
../drivers/fsl_enet.c:323:10:ENET_Init	32	static
../drivers/fsl_enet.c:1309:10:ENET_MDIOWrite	16	static
../drivers/fsl_enet.c:1341:10:ENET_MDIORead	16	static
../drivers/fsl_enet.c:1380:10:ENET_MDIOC45Write	16	static
../drivers/fsl_enet.c:1416:10:ENET_MDIOC45Read	16	static
../drivers/fsl_enet.c:1482:6:ENET_GetRxErrBeforeReadFrame	8	static
../drivers/fsl_enet.c:1565:6:ENET_GetStatistics	0	static
../drivers/fsl_enet.c:1599:10:ENET_GetRxFrameSize	24	static
../drivers/fsl_enet.c:1716:10:ENET_ReadFrame	48	static
../drivers/fsl_enet.c:1866:10:ENET_SendFrame	56	static
../drivers/fsl_enet.c:2084:10:ENET_SetTxReclaim	8	static
../drivers/fsl_enet.c:2125:6:ENET_ReclaimTxDescriptor	32	static
../drivers/fsl_enet.c:3439:6:ENET_TransmitIRQHandler	32	static
../drivers/fsl_enet.c:2181:10:ENET_GetRxBuffer	40	static
../drivers/fsl_enet.c:2252:6:ENET_ReleaseRxBuffer	40	static
../drivers/fsl_enet.c:2416:10:ENET_GetRxFrame	64	static
../drivers/fsl_enet.c:2666:10:ENET_StartTxFrame	48	static
../drivers/fsl_enet.c:2803:10:ENET_SendFrameZeroCopy	48	static
../drivers/fsl_enet.c:2991:6:ENET_AddMulticastGroup	16	static
../drivers/fsl_enet.c:3044:6:ENET_LeaveMulticastGroup	16	static
../drivers/fsl_enet.c:3649:6:ENET_CommonFrame0IRQHandler	16	static
../drivers/fsl_enet.c:3697:6:ENET_CommonFrame1IRQHandler	16	static
../drivers/fsl_enet.c:3727:6:ENET_CommonFrame2IRQHandler	16	static
../drivers/fsl_enet.c:3751:6:ENET_Ptp1588IRQHandler	8	static
../drivers/fsl_enet.c:3836:6:ENET_MAC0_Rx_Tx_Done1_DriverIRQHandler	8	static
../drivers/fsl_enet.c:3842:6:ENET_MAC0_Rx_Tx_Done2_DriverIRQHandler	8	static
../drivers/fsl_enet.c:3850:6:ENET_DriverIRQHandler	8	static
../drivers/fsl_enet.c:3857:6:ENET_1588_Timer_DriverIRQHandler	8	static
../drivers/fsl_enet.c:3948:6:ENET_1G_DriverIRQHandler	8	static
../drivers/fsl_enet.c:3954:6:ENET_1G_MAC0_Tx_Rx_1_DriverIRQHandler	8	static
../drivers/fsl_enet.c:3960:6:ENET_1G_MAC0_Tx_Rx_2_DriverIRQHandler	8	static
../drivers/fsl_enet.c:3966:6:ENET_1G_1588_Timer_DriverIRQHandler	8	static
