C:\Users\os\Documents\MCUXpressoIDE_11.8.0_1165\2_13_RT1160\evkmimxrt1160_lwip_ping_freertos_cm7__test\CMSIS/core_cm7.h:1911:22:__NVIC_EnableIRQ	0	static
C:\Users\os\Documents\MCUXpressoIDE_11.8.0_1165\2_13_RT1160\evkmimxrt1160_lwip_ping_freertos_cm7__test\drivers/fsl_clock.h:2143:20:CLOCK_ControlGate	0	static
C:\Users\os\Documents\MCUXpressoIDE_11.8.0_1165\2_13_RT1160\evkmimxrt1160_lwip_ping_freertos_cm7__test\drivers/fsl_clock.h:2122:20:CLOCK_SetRootClock	8	static
C:\Users\os\Documents\MCUXpressoIDE_11.8.0_1165\2_13_RT1160\evkmimxrt1160_lwip_ping_freertos_cm7__test\drivers/fsl_clock.h:2205:24:CLOCK_GetRootClockFreq	16	static
../source/lwip_ping_freertos.c:198:13:stack_init	64	static
../source/lwip_ping_freertos.c:184:17:MDIO_Write	8	static
../source/lwip_ping_freertos.c:189:17:MDIO_Read	8	static
../source/lwip_ping_freertos.c:178:13:MDIO_Init	8	static
../source/lwip_ping_freertos.c:143:6:BOARD_InitModuleClock	24	static
../source/lwip_ping_freertos.c:159:6:IOMUXC_SelectENETClock	0	static
../source/lwip_ping_freertos.c:169:6:BOARD_ENETFlexibleConfigure	0	static
../source/lwip_ping_freertos.c:255:5:main	32	static
