../freertos/freertos-kernel/queue.c:2161:24:prvGetDisinheritPriorityAfterTimeout	0	static
../freertos/freertos-kernel/queue.c:2451:19:prvIsQueueFull	8	static
../freertos/freertos-kernel/queue.c:2410:19:prvIsQueueEmpty	8	static
../freertos/freertos-kernel/queue.c:2186:19:prvCopyDataToQueue	16	static
../freertos/freertos-kernel/queue.c:2269:13:prvCopyDataFromQueue	8	static
../freertos/freertos-kernel/queue.c:2290:13:prvUnlockQueue	16	static
../freertos/freertos-kernel/queue.c:296:12:xQueueGenericReset	16	static
../freertos/freertos-kernel/queue.c:494:13:prvInitialiseNewQueue	16	static
../freertos/freertos-kernel/queue.c:428:19:xQueueGenericCreate	32	static
../freertos/freertos-kernel/queue.c:802:19:xQueueCreateCountingSemaphore	8	static
../freertos/freertos-kernel/queue.c:835:12:xQueueGenericSend	40	static
../freertos/freertos-kernel/queue.c:542:17:prvInitialiseMutex	8	static
../freertos/freertos-kernel/queue.c:572:19:xQueueCreateMutex	8	static
../freertos/freertos-kernel/queue.c:668:16:xQueueGiveMutexRecursive	16	static
../freertos/freertos-kernel/queue.c:1047:12:xQueueGenericSendFromISR	32	static
../freertos/freertos-kernel/queue.c:1212:12:xQueueGiveFromISR	24	static
../freertos/freertos-kernel/queue.c:1378:12:xQueueReceive	40	static
../freertos/freertos-kernel/queue.c:1521:12:xQueueSemaphoreTake	32	static
../freertos/freertos-kernel/queue.c:723:16:xQueueTakeMutexRecursive	16	static
../freertos/freertos-kernel/queue.c:1742:12:xQueuePeek	32	static
../freertos/freertos-kernel/queue.c:1893:12:xQueueReceiveFromISR	32	static
../freertos/freertos-kernel/queue.c:1986:12:xQueuePeekFromISR	24	static
../freertos/freertos-kernel/queue.c:2041:13:uxQueueMessagesWaiting	8	static
../freertos/freertos-kernel/queue.c:2057:13:uxQueueSpacesAvailable	16	static
../freertos/freertos-kernel/queue.c:2074:13:uxQueueMessagesWaitingFromISR	0	static
../freertos/freertos-kernel/queue.c:2130:17:uxQueueGetQueueNumber	0	static
../freertos/freertos-kernel/queue.c:2140:10:vQueueSetQueueNumber	0	static
../freertos/freertos-kernel/queue.c:2151:13:ucQueueGetQueueType	0	static
../freertos/freertos-kernel/queue.c:2431:12:xQueueIsQueueEmptyFromISR	0	static
../freertos/freertos-kernel/queue.c:2472:12:xQueueIsQueueFullFromISR	0	static
../freertos/freertos-kernel/queue.c:2781:10:vQueueAddToRegistry	4	static
../freertos/freertos-kernel/queue.c:2828:18:pcQueueGetName	0	static
../freertos/freertos-kernel/queue.c:2859:10:vQueueUnregisterQueue	0	static
../freertos/freertos-kernel/queue.c:2086:6:vQueueDelete	8	static
../freertos/freertos-kernel/queue.c:2892:10:vQueueWaitForMessageRestricted	16	static
